fatal: not a git repository (or any of the parent directories): .git
error: unknown option `cached'
usage: git diff --no-index [<options>] <path> <path> [<pathspec>...]

Diff output format options
    -p, --patch           generate patch
    -s, --no-patch        suppress diff output
    -u                    generate patch
    -U, --unified[=<n>]   generate diffs with <n> lines context
    -W, --[no-]function-context
                          generate diffs with <n> lines context
    --raw                 generate the diff in raw format
    --patch-with-raw      synonym for '-p --raw'
    --patch-with-stat     synonym for '-p --stat'
    --numstat             machine friendly --stat
    --shortstat           output only the last line of --stat
    -X, --dirstat[=<param1>,<param2>...]
                          output the distribution of relative amount of changes for each sub-directory
    --cumulative          synonym for --dirstat=cumulative
    --dirstat-by-file[=<param1>,<param2>...]
                          synonym for --dirstat=files,<param1>,<param2>...
    --check               warn if changes introduce conflict markers or whitespace errors
    --summary             condensed summary such as creations, renames and mode changes
    --name-only           show only names of changed files
    --name-status         show only names and status of changed files
    --stat[=<width>[,<name-width>[,<count>]]]
                          generate diffstat
    --stat-width <width>  generate diffstat with a given width
    --stat-name-width <width>
                          generate diffstat with a given name width
    --stat-graph-width <width>
                          generate diffstat with a given graph width
    --stat-count <count>  generate diffstat with limited lines
    --[no-]compact-summary
                          generate compact summary in diffstat
    --binary              output a binary diff that can be applied
    --[no-]full-index     show full pre- and post-image object names on the "index" lines
    --[no-]color[=<when>] show colored diff
    --ws-error-highlight <kind>
                          highlight whitespace errors in the 'context', 'old' or 'new' lines in the diff
    -z                    do not munge pathnames and use NULs as output field terminators in --raw or --numstat
    --[no-]abbrev[=<n>]   use <n> digits to display object names
    --src-prefix <prefix> show the given source prefix instead of "a/"
    --dst-prefix <prefix> show the given destination prefix instead of "b/"
    --line-prefix <prefix>
                          prepend an additional prefix to every line of output
    --no-prefix           do not show any source or destination prefix
    --default-prefix      use default prefixes a/ and b/
    --inter-hunk-context <n>
                          show context between diff hunks up to the specified number of lines
    --output-indicator-new <char>
                          specify the character to indicate a new line instead of '+'
    --output-indicator-old <char>
                          specify the character to indicate an old line instead of '-'
    --output-indicator-context <char>
                          specify the character to indicate a context instead of ' '

Diff rename options
    -B, --break-rewrites[=<n>[/<m>]]
                          break complete rewrite changes into pairs of delete and create
    -M, --find-renames[=<n>]
                          detect renames
    -D, --irreversible-delete
                          omit the preimage for deletes
    -C, --find-copies[=<n>]
                          detect copies
    --[no-]find-copies-harder
                          use unmodified files as source to find copies
    --no-renames          disable rename detection
    --[no-]rename-empty   use empty blobs as rename source
    --[no-]follow         continue listing the history of a file beyond renames
    -l <n>                prevent rename/copy detection if the number of rename/copy targets exceeds given limit

Diff algorithm options
    --minimal             produce the smallest possible diff
    -w, --ignore-all-space
                          ignore whitespace when comparing lines
    -b, --ignore-space-change
                          ignore changes in amount of whitespace
    --ignore-space-at-eol ignore changes in whitespace at EOL
    --ignore-cr-at-eol    ignore carrier-return at the end of line
    --ignore-blank-lines  ignore changes whose lines are all blank
    -I, --[no-]ignore-matching-lines <regex>
                          ignore changes whose all lines match <regex>
    --[no-]indent-heuristic
                          heuristic to shift diff hunk boundaries for easy reading
    --patience            generate diff using the "patience diff" algorithm
    --histogram           generate diff using the "histogram diff" algorithm
    --diff-algorithm <algorithm>
                          choose a diff algorithm
    --anchored <text>     generate diff using the "anchored diff" algorithm
    --word-diff[=<mode>]  show word diff, using <mode> to delimit changed words
    --word-diff-regex <regex>
                          use <regex> to decide what a word is
    --color-words[=<regex>]
                          equivalent to --word-diff=color --word-diff-regex=<regex>
    --[no-]color-moved[=<mode>]
                          moved lines of code are colored differently
    --[no-]color-moved-ws <mode>
                          how white spaces are ignored in --color-moved

Other diff options
    --[no-]relative[=<prefix>]
                          when run from subdir, exclude changes outside and show relative paths
    -a, --[no-]text       treat all files as text
    -R                    swap two inputs, reverse the diff
    --[no-]exit-code      exit with 1 if there were differences, 0 otherwise
    --[no-]quiet          disable all output of the program
    --[no-]ext-diff       allow an external diff helper to be executed
    --[no-]textconv       run external text conversion filters when comparing binary files
    --ignore-submodules[=<when>]
                          ignore changes to submodules in the diff generation
    --submodule[=<format>]
                          specify how differences in submodules are shown
    --ita-invisible-in-index
                          hide 'git add -N' entries from the index
    --ita-visible-in-index
                          treat 'git add -N' entries as real in the index
    -S <string>           look for differences that change the number of occurrences of the specified string
    -G <regex>            look for differences that change the number of occurrences of the specified regex
    --pickaxe-all         show all changes in the changeset with -S or -G
    --pickaxe-regex       treat <string> in -S as extended POSIX regular expression
    -O <file>             control the order in which files appear in the output
    --rotate-to <path>    show the change in the specified path first
    --skip-to <path>      skip the output to the specified path
    --find-object <object-id>
                          look for differences that change the number of occurrences of the specified object
    --diff-filter [(A|C|D|M|R|T|U|X|B)...[*]]
                          select files by diff type
    --max-depth <depth>   maximum tree depth to recurse
    --output <file>       output to a specific file

bash: scripts/anti_heavyfile.sh: No such file or directory
fatal: not a git repository (or any of the parent directories): .git
fatal: not a git repository (or any of the parent directories): .git
[main 47454b3] auto-save 2026-05-20 15:10:02
 10 files changed, 554 insertions(+), 15 deletions(-)
 create mode 100644 .heavyfile_ignore
 create mode 100644 cron.log
 create mode 100644 hud/HUD_HERMES_OMEGA_PRIME.md
 create mode 100755 hud/hud_hermes_omega_prime.sh
 create mode 100644 pre_scan_report.txt
 create mode 100755 rollback.sh
 create mode 100755 scripts/anti_heavyfile.sh
 create mode 100755 upgrade_v19_2.sh
 create mode 100755 watcher.sh
git@github.com: Permission denied (publickey).
fatal: Could not read from remote repository.

Please make sure you have the correct access rights
and the repository exists.
🟦 Aucun changement à sauvegarder.
[main 38551b0] auto-save 2026-05-20 15:30:02
 4 files changed, 97 insertions(+), 8 deletions(-)
 create mode 100755 hud/modules/gpu.sh
 create mode 100755 hud/modules/risks.sh
git@github.com: Permission denied (publickey).
fatal: Could not read from remote repository.

Please make sure you have the correct access rights
and the repository exists.
[main 9ad6676] auto-save 2026-05-20 15:40:02
 1 file changed, 9 insertions(+)
git@github.com: Permission denied (publickey).
fatal: Could not read from remote repository.

Please make sure you have the correct access rights
and the repository exists.
[main 27002ef] auto-save 2026-05-20 15:50:02
 1 file changed, 7 insertions(+)
git@github.com: Permission denied (publickey).
fatal: Could not read from remote repository.

Please make sure you have the correct access rights
and the repository exists.
[main 2537856] auto-save 2026-05-20 16:00:02
 3 files changed, 55 insertions(+), 1 deletion(-)
 create mode 100755 hud/modules/opacity.sh
git@github.com: Permission denied (publickey).
fatal: Could not read from remote repository.

Please make sure you have the correct access rights
and the repository exists.
[main f53a128] auto-save 2026-05-20 16:10:02
 4 files changed, 13 insertions(+), 13 deletions(-)
 create mode 100644 hud/.build_hud_modules.sh.swp
git@github.com: Permission denied (publickey).
fatal: Could not read from remote repository.

Please make sure you have the correct access rights
and the repository exists.
[main 959b5f7] auto-save 2026-05-20 16:20:03
 11 files changed, 155 insertions(+), 144 deletions(-)
 delete mode 100644 hud/.build_hud_modules.sh.swp
 create mode 100755 hud/build_hud_modules.sh
git@github.com: Permission denied (publickey).
fatal: Could not read from remote repository.

Please make sure you have the correct access rights
and the repository exists.
[main 40a90bc] auto-save 2026-05-20 16:30:02
 1 file changed, 9 insertions(+)
git@github.com: Permission denied (publickey).
fatal: Could not read from remote repository.

Please make sure you have the correct access rights
and the repository exists.
[main 8998306] auto-save 2026-05-20 16:40:02
 1 file changed, 7 insertions(+)
git@github.com: Permission denied (publickey).
fatal: Could not read from remote repository.

Please make sure you have the correct access rights
and the repository exists.
[main 6b2a455] auto-save 2026-05-20 16:50:02
 2 files changed, 32 insertions(+), 24 deletions(-)
git@github.com: Permission denied (publickey).
fatal: Could not read from remote repository.

Please make sure you have the correct access rights
and the repository exists.
[main 715721e] auto-save 2026-05-20 17:00:02
 1 file changed, 7 insertions(+)
git@github.com: Permission denied (publickey).
fatal: Could not read from remote repository.

Please make sure you have the correct access rights
and the repository exists.
[main 534c82f] auto-save 2026-05-20 17:10:02
 1 file changed, 7 insertions(+)
git@github.com: Permission denied (publickey).
fatal: Could not read from remote repository.

Please make sure you have the correct access rights
and the repository exists.
[main cc5a5c7] auto-save 2026-05-20 17:20:02
 1 file changed, 7 insertions(+)
git@github.com: Permission denied (publickey).
fatal: Could not read from remote repository.

Please make sure you have the correct access rights
and the repository exists.
[main 05e49be] auto-save 2026-05-20 17:30:02
 1 file changed, 7 insertions(+)
git@github.com: Permission denied (publickey).
fatal: Could not read from remote repository.

Please make sure you have the correct access rights
and the repository exists.
[main a02de7f] auto-save 2026-05-20 17:40:02
 1 file changed, 7 insertions(+)
git@github.com: Permission denied (publickey).
fatal: Could not read from remote repository.

Please make sure you have the correct access rights
and the repository exists.
[main da8fc4e] auto-save 2026-05-20 17:50:03
 1 file changed, 7 insertions(+)
git@github.com: Permission denied (publickey).
fatal: Could not read from remote repository.

Please make sure you have the correct access rights
and the repository exists.
[main 4d5e0e6] auto-save 2026-05-20 18:00:03
 1 file changed, 7 insertions(+)
git@github.com: Permission denied (publickey).
fatal: Could not read from remote repository.

Please make sure you have the correct access rights
and the repository exists.
[main 892f450] auto-save 2026-05-20 18:10:02
 1 file changed, 7 insertions(+)
git@github.com: Permission denied (publickey).
fatal: Could not read from remote repository.

Please make sure you have the correct access rights
and the repository exists.
[main 52020ba] auto-save 2026-05-20 18:20:02
 1 file changed, 7 insertions(+)
git@github.com: Permission denied (publickey).
fatal: Could not read from remote repository.

Please make sure you have the correct access rights
and the repository exists.
[main cf6f140] auto-save 2026-05-20 18:30:02
 1 file changed, 7 insertions(+)
git@github.com: Permission denied (publickey).
fatal: Could not read from remote repository.

Please make sure you have the correct access rights
and the repository exists.
[main dd9c6ec] auto-save 2026-05-20 18:40:02
 1 file changed, 7 insertions(+)
git@github.com: Permission denied (publickey).
fatal: Could not read from remote repository.

Please make sure you have the correct access rights
and the repository exists.
[main 463324c] auto-save 2026-05-20 18:50:02
 1 file changed, 7 insertions(+)
git@github.com: Permission denied (publickey).
fatal: Could not read from remote repository.

Please make sure you have the correct access rights
and the repository exists.
[main 20c7d9a] auto-save 2026-05-20 19:00:02
 1 file changed, 7 insertions(+)
git@github.com: Permission denied (publickey).
fatal: Could not read from remote repository.

Please make sure you have the correct access rights
and the repository exists.
[main 8b7e5a6] auto-save 2026-05-20 19:10:02
 1 file changed, 7 insertions(+)
git@github.com: Permission denied (publickey).
fatal: Could not read from remote repository.

Please make sure you have the correct access rights
and the repository exists.
[main cad7b47] auto-save 2026-05-20 19:20:02
 1 file changed, 7 insertions(+)
git@github.com: Permission denied (publickey).
fatal: Could not read from remote repository.

Please make sure you have the correct access rights
and the repository exists.
[main 2f87b12] auto-save 2026-05-20 19:30:02
 1 file changed, 7 insertions(+)
git@github.com: Permission denied (publickey).
fatal: Could not read from remote repository.

Please make sure you have the correct access rights
and the repository exists.
[main 5c0b61e] auto-save 2026-05-20 19:40:02
 1 file changed, 7 insertions(+)
git@github.com: Permission denied (publickey).
fatal: Could not read from remote repository.

Please make sure you have the correct access rights
and the repository exists.
[main 93a534d] auto-save 2026-05-20 19:50:02
 1 file changed, 7 insertions(+)
git@github.com: Permission denied (publickey).
fatal: Could not read from remote repository.

Please make sure you have the correct access rights
and the repository exists.
[main fa3ce73] auto-save 2026-05-20 20:00:02
 1 file changed, 7 insertions(+)
git@github.com: Permission denied (publickey).
fatal: Could not read from remote repository.

Please make sure you have the correct access rights
and the repository exists.
[main e9d40de] auto-save 2026-05-20 20:10:02
 1 file changed, 7 insertions(+)
git@github.com: Permission denied (publickey).
fatal: Could not read from remote repository.

Please make sure you have the correct access rights
and the repository exists.
[main d12c960] auto-save 2026-05-20 20:20:02
 1 file changed, 7 insertions(+)
git@github.com: Permission denied (publickey).
fatal: Could not read from remote repository.

Please make sure you have the correct access rights
and the repository exists.
[main a143939] auto-save 2026-05-20 20:40:02
 1 file changed, 7 insertions(+)
git@github.com: Permission denied (publickey).
fatal: Could not read from remote repository.

Please make sure you have the correct access rights
and the repository exists.
[main 2734b70] auto-save 2026-05-20 20:50:02
 1 file changed, 7 insertions(+)
git@github.com: Permission denied (publickey).
fatal: Could not read from remote repository.

Please make sure you have the correct access rights
and the repository exists.
🟦 Aucun changement à sauvegarder.
[main 4c01149] auto-save 2026-05-21 08:10:02
 1 file changed, 1 insertion(+)
git@github.com: Permission denied (publickey).
fatal: Could not read from remote repository.

Please make sure you have the correct access rights
and the repository exists.
[main 3f42c53] auto-save 2026-05-21 08:20:02
 1 file changed, 7 insertions(+)
git@github.com: Permission denied (publickey).
fatal: Could not read from remote repository.

Please make sure you have the correct access rights
and the repository exists.
[main 5a80a40] auto-save 2026-05-21 08:30:02
 1 file changed, 7 insertions(+)
git@github.com: Permission denied (publickey).
fatal: Could not read from remote repository.

Please make sure you have the correct access rights
and the repository exists.
[main d54170a] auto-save 2026-05-21 08:50:02
 1 file changed, 7 insertions(+)
git@github.com: Permission denied (publickey).
fatal: Could not read from remote repository.

Please make sure you have the correct access rights
and the repository exists.
[main 3f564da] auto-save 2026-05-21 09:00:02
 1 file changed, 7 insertions(+)
git@github.com: Permission denied (publickey).
fatal: Could not read from remote repository.

Please make sure you have the correct access rights
and the repository exists.
[main 498d2eb] auto-save 2026-05-21 09:30:02
 1 file changed, 7 insertions(+)
git@github.com: Permission denied (publickey).
fatal: Could not read from remote repository.

Please make sure you have the correct access rights
and the repository exists.
[main 267bfda] auto-save 2026-05-21 10:00:02
 1 file changed, 7 insertions(+)
git@github.com: Permission denied (publickey).
fatal: Could not read from remote repository.

Please make sure you have the correct access rights
and the repository exists.
[main b4693b6] auto-save 2026-05-21 10:10:02
 1 file changed, 7 insertions(+)
git@github.com: Permission denied (publickey).
fatal: Could not read from remote repository.

Please make sure you have the correct access rights
and the repository exists.
[main 51e2838] auto-save 2026-05-21 10:20:02
 1 file changed, 7 insertions(+)
git@github.com: Permission denied (publickey).
fatal: Could not read from remote repository.

Please make sure you have the correct access rights
and the repository exists.
[main 759bf00] auto-save 2026-05-21 10:30:02
 1 file changed, 7 insertions(+)
git@github.com: Permission denied (publickey).
fatal: Could not read from remote repository.

Please make sure you have the correct access rights
and the repository exists.
[main ba4c0ac] auto-save 2026-05-21 10:40:02
 1 file changed, 7 insertions(+)
git@github.com: Permission denied (publickey).
fatal: Could not read from remote repository.

Please make sure you have the correct access rights
and the repository exists.
[main ae5a30d] auto-save 2026-05-21 10:50:02
 1 file changed, 7 insertions(+)
git@github.com: Permission denied (publickey).
fatal: Could not read from remote repository.

Please make sure you have the correct access rights
and the repository exists.
[main 04d210a] auto-save 2026-05-21 11:00:02
 1 file changed, 7 insertions(+)
git@github.com: Permission denied (publickey).
fatal: Could not read from remote repository.

Please make sure you have the correct access rights
and the repository exists.
[main 01fea1d] auto-save 2026-05-21 11:10:02
 1 file changed, 7 insertions(+)
git@github.com: Permission denied (publickey).
fatal: Could not read from remote repository.

Please make sure you have the correct access rights
and the repository exists.
[main 3688725] auto-save 2026-05-21 11:20:01
 1 file changed, 7 insertions(+)
git@github.com: Permission denied (publickey).
fatal: Could not read from remote repository.

Please make sure you have the correct access rights
and the repository exists.
🟦 Aucun changement à sauvegarder.
[main 3e5ea7b] auto-save 2026-05-21 11:50:02
 1 file changed, 1 insertion(+)
git@github.com: Permission denied (publickey).
fatal: Could not read from remote repository.

Please make sure you have the correct access rights
and the repository exists.
[main 71a81a9] auto-save 2026-05-21 12:00:02
 1 file changed, 7 insertions(+)
git@github.com: Permission denied (publickey).
fatal: Could not read from remote repository.

Please make sure you have the correct access rights
and the repository exists.
🟦 Aucun changement à sauvegarder.
[main 0b7ceae] auto-save 2026-05-22 09:00:03
 1 file changed, 1 insertion(+)
git@github.com: Permission denied (publickey).
fatal: Could not read from remote repository.

Please make sure you have the correct access rights
and the repository exists.
[main 64db994] auto-save 2026-05-22 09:10:02
 1 file changed, 7 insertions(+)
git@github.com: Permission denied (publickey).
fatal: Could not read from remote repository.

Please make sure you have the correct access rights
and the repository exists.
[main 7d12989] auto-save 2026-05-22 09:20:02
 1 file changed, 7 insertions(+)
git@github.com: Permission denied (publickey).
fatal: Could not read from remote repository.

Please make sure you have the correct access rights
and the repository exists.
[main 30a8de7] auto-save 2026-05-22 09:30:02
 1 file changed, 7 insertions(+)
git@github.com: Permission denied (publickey).
fatal: Could not read from remote repository.

Please make sure you have the correct access rights
and the repository exists.
[main d82f9f8] auto-save 2026-05-22 09:40:02
 1 file changed, 7 insertions(+)
git@github.com: Permission denied (publickey).
fatal: Could not read from remote repository.

Please make sure you have the correct access rights
and the repository exists.
[main 0d34170] auto-save 2026-05-22 09:50:02
 1 file changed, 7 insertions(+)
git@github.com: Permission denied (publickey).
fatal: Could not read from remote repository.

Please make sure you have the correct access rights
and the repository exists.
