=== ARBORESCENCE_REPAIR_Ω — Fri May  8 14:33:25 CEST 2026 ===
[OK] cockpit
[OK] cockpit/MODULES
[OK] cockpit/ENGINE
[OK] modules
[OK] core
[OK] engine
[OK] hud
[OK] system
[CHMOD] /home/dimitri/OpenClaw_Light/modules/HERMES_GPU.ocm
[CHMOD] /home/dimitri/OpenClaw_Light/modules/HERMES_MODULE_BUILDER.ocm
[CHMOD] /home/dimitri/OpenClaw_Light/modules/OpenClaw_ObsidianBridge/obsidian_reader.sh
[CHMOD] /home/dimitri/OpenClaw_Light/modules/OpenClaw_ObsidianBridge/obsidian_writer.sh
[CHMOD] /home/dimitri/OpenClaw_Light/modules/OpenClaw_ObsidianBridge/obsidian_ai_query.sh
[CHMOD] /home/dimitri/OpenClaw_Light/modules/OpenClaw_ObsidianBridge/bridge.ocm
[CHMOD] /home/dimitri/OpenClaw_Light/modules/TEST.ocm
[CHMOD] /home/dimitri/OpenClaw_Light/modules/TEST_V2.ocm
[CHMOD] /home/dimitri/OpenClaw_Light/modules/HERMES_GPU_PRIME.ocm
[CHMOD] /home/dimitri/OpenClaw_Light/modules/HERMES_MODULE_BUILDER_v2.ocm
[CHMOD] /home/dimitri/OpenClaw_Light/system/HERMES_BRIDGE.ocm
[CHMOD] /home/dimitri/OpenClaw_Light/system/BLUEPRINT_GLOBAL.ocm
[CHMOD] /home/dimitri/OpenClaw_Light/system/ARCHITECTURE_MAP_MONOLITHIC.ocm
[CHMOD] /home/dimitri/OpenClaw_Light/system/SYSTEM_EXPORT.ocm
[CHMOD] /home/dimitri/OpenClaw_Light/system/SYSTEM_RECOVERY.ocm
[CHMOD] /home/dimitri/OpenClaw_Light/system/ARCHITECTURE_MAP.ocm
[CHMOD] /home/dimitri/OpenClaw_Light/system/HERMES_TTS_BRIDGE.ocm
[CHMOD] /home/dimitri/OpenClaw_Light/system/SYSTEM_AUTOMATION.ocm
[CHMOD] /home/dimitri/OpenClaw_Light/system/TTS_PIPELINE.ocm
[CHMOD] /home/dimitri/OpenClaw_Light/system/SYSTEM_GLOBAL.ocm
[CHMOD] /home/dimitri/OpenClaw_Light/cockpit/ENGINE/HERMES_AI_SHOWMASTER_OMEGA.ocm
[CHMOD] /home/dimitri/OpenClaw_Light/cockpit/ENGINE/HERMES_AI_CORE.ocm
[CHMOD] /home/dimitri/OpenClaw_Light/cockpit/ENGINE/HERMES_AI_SHOWMASTER_SINGULARITY.ocm
[CHMOD] /home/dimitri/OpenClaw_Light/cockpit/ENGINE/HERMES_PILOT.ocm
[CHMOD] /home/dimitri/OpenClaw_Light/cockpit/ENGINE/HERMES_AI_SCENEWRITER.ocm
[CHMOD] /home/dimitri/OpenClaw_Light/cockpit/ENGINE/HERMES_DASHBOARD_GPU.ocm
[CHMOD] /home/dimitri/OpenClaw_Light/cockpit/ENGINE/HUD_ENGINE.ocm
[CHMOD] /home/dimitri/OpenClaw_Light/cockpit/ENGINE/HERMES_BEHAVIOR.ocm
[CHMOD] /home/dimitri/OpenClaw_Light/cockpit/ENGINE/HERMES_AI_SHOWMASTER_PLUS.ocm
[CHMOD] /home/dimitri/OpenClaw_Light/cockpit/ENGINE/HERMES_LIGHT_EFFECTS_PRO.ocm
[CHMOD] /home/dimitri/OpenClaw_Light/cockpit/ENGINE/HERMES_AI_TIMECODE.ocm
[CHMOD] /home/dimitri/OpenClaw_Light/cockpit/ENGINE/HERMES_BENCHMARK.ocm
[CHMOD] /home/dimitri/OpenClaw_Light/cockpit/ENGINE/HERMES_ENGINE.ocm
[CHMOD] /home/dimitri/OpenClaw_Light/cockpit/ENGINE/LIGHT_ASSISTANT.ocm
[CHMOD] /home/dimitri/OpenClaw_Light/cockpit/ENGINE/HERMES_AI_LIVE_OPERATOR.ocm
[CHMOD] /home/dimitri/OpenClaw_Light/cockpit/ENGINE/HERMES_COMMANDS.ocm
[CHMOD] /home/dimitri/OpenClaw_Light/cockpit/ENGINE/HERMES_MODEL_ROUTER.ocm
[CHMOD] /home/dimitri/OpenClaw_Light/cockpit/ENGINE/HERMES_AI_DIRECTOR.ocm
[CHMOD] /home/dimitri/OpenClaw_Light/cockpit/ENGINE/HERMES_AI_SHOWMASTER_INFINITY.ocm
[CHMOD] /home/dimitri/OpenClaw_Light/cockpit/ENGINE/CORE_ENGINE.ocm
[CHMOD] /home/dimitri/OpenClaw_Light/cockpit/ENGINE/HERMES_AI_SHOWMASTER_ΩMEGA.ocm
[CHMOD] /home/dimitri/OpenClaw_Light/cockpit/ENGINE/HERMES_LIGHT_ASSISTANT_EXT.ocm
[CHMOD] /home/dimitri/OpenClaw_Light/cockpit/ENGINE/FLOW_ENGINE.ocm
[CHMOD] /home/dimitri/OpenClaw_Light/cockpit/ENGINE/HERMES_AUTOPILOT.ocm
[CHMOD] /home/dimitri/OpenClaw_Light/cockpit/ENGINE/HERMES_OPTIMIZER.ocm
[CHMOD] /home/dimitri/OpenClaw_Light/cockpit/ENGINE/HERMES_OS.ocm
[CHMOD] /home/dimitri/OpenClaw_Light/cockpit/ENGINE/HERMES_AI.ocm
[CHMOD] /home/dimitri/OpenClaw_Light/cockpit/ENGINE/HERMES_COCKPIT_MASTER_TOTAL_v4.ocm
[CHMOD] /home/dimitri/OpenClaw_Light/cockpit/ENGINE/HERMES_AI_AUDIOREACTOR.ocm
[CHMOD] /home/dimitri/OpenClaw_Light/cockpit/ENGINE/HERMES_DASHBOARD.ocm
[CHMOD] /home/dimitri/OpenClaw_Light/cockpit/ENGINE/HERMES_AI_SHOWMASTER.ocm
[CHMOD] /home/dimitri/OpenClaw_Light/cockpit/ENGINE/HERMES_LIGHT_AUTOPATCH.ocm
[CHMOD] /home/dimitri/OpenClaw_Light/cockpit/ENGINE/HERMES_AI_SHOWMASTER_OMNI.ocm
[CHMOD] /home/dimitri/OpenClaw_Light/cockpit/ENGINE/HERMES_MEMORY.ocm
[CHMOD] /home/dimitri/OpenClaw_Light/cockpit/ENGINE/HERMES_LIGHT_SHOWBUILDER.ocm
[CHMOD] /home/dimitri/OpenClaw_Light/cockpit/ENGINE/TTS_ENGINE.ocm
[CHMOD] /home/dimitri/OpenClaw_Light/cockpit/ENGINE/HERMES_AI_SHOWMASTER_ULTRA.ocm
[CHMOD] /home/dimitri/OpenClaw_Light/cockpit/ENGINE/HERMES_LIGHT_PIXELENGINE.ocm
[CHMOD] /home/dimitri/OpenClaw_Light/cockpit/ENGINE/HERMES_SYSTEM_MONITOR_TOTAL.ocm
[CHMOD] /home/dimitri/OpenClaw_Light/cockpit/ENGINE/HERMES_LISTENER.ocm
[CHMOD] /home/dimitri/OpenClaw_Light/cockpit/ENGINE/HERMES_GPU_MONITOR.ocm
[CHMOD] /home/dimitri/OpenClaw_Light/cockpit/ENGINE/HERMES_AI_RIGDESIGNER.ocm
[CHMOD] /home/dimitri/OpenClaw_Light/cockpit/MODULES/CLEANER.ocm
[CHMOD] /home/dimitri/OpenClaw_Light/cockpit/MODULES/ARBORESCENCE_REPAIR.ocm
[CHMOD] /home/dimitri/OpenClaw_Light/cockpit/MODULES/ARBORESCENCE_REPAIR_Ω.ocm
[CHMOD] /home/dimitri/OpenClaw_Light/cockpit/MODULES/ARBORESCENCE_REPAIR_ABSOLUTE.ocm
[CHMOD] /home/dimitri/OpenClaw_Light/cockpit/BOOT_SEQUENCE.sh
[CHMOD] /home/dimitri/OpenClaw_Light/cockpit/COCKPIT_BOOT_SEQUENCE.ocm
[CHMOD] /home/dimitri/OpenClaw_Light/cockpit/META_OPS/META_OPS_EPSILON.ocm
[CHMOD] /home/dimitri/OpenClaw_Light/cockpit/META_OPS/META_OPS_ALPHA.ocm
[CHMOD] /home/dimitri/OpenClaw_Light/cockpit/META_OPS/META_OPS_OMEGA.ocm
[CHMOD] /home/dimitri/OpenClaw_Light/cockpit/META_OPS/META_OPS_ZERO.ocm
[CHMOD] /home/dimitri/OpenClaw_Light/cockpit/META_OPS/META_OPS_GAMMA.ocm
[CHMOD] /home/dimitri/OpenClaw_Light/cockpit/META_OPS/META_OPS_ZETA.ocm
[CHMOD] /home/dimitri/OpenClaw_Light/cockpit/META_OPS/META_OPS_BETA.ocm
[CHMOD] /home/dimitri/OpenClaw_Light/cockpit/META_OPS/META_OPS_DELTA.ocm
[CHMOD] /home/dimitri/OpenClaw_Light/cockpit/generate_wrappers.sh
[CHMOD] /home/dimitri/OpenClaw_Light/cockpit/COCKPIT_ROOT.ocm
[LF] /home/dimitri/OpenClaw_Light/Kanban_Automatique.md
[LF] /home/dimitri/OpenClaw_Light/dashboards/Dashboard_ERA_Modules_Outils.md
[LF] /home/dimitri/OpenClaw_Light/Dashboard _Rollback.md
[LF] /home/dimitri/OpenClaw_Light/Dashboard_Graphs.md
[LF] /home/dimitri/OpenClaw_Light/FUSION-A1-A22.js
[LF] /home/dimitri/OpenClaw_Light/Dashboard_Production.md
[LF] /home/dimitri/OpenClaw_Light/principles/MONOLITH_OMEGA.md
[LF] /home/dimitri/OpenClaw_Light/Dashboard_Analytics.md
[LF] /home/dimitri/OpenClaw_Light/Dashboard_OpenClaw_Light.md
[LF] /home/dimitri/OpenClaw_Light/Dashboard_Clustering.md
[LF] /home/dimitri/OpenClaw_Light/A19-contrast.js
[LF] /home/dimitri/OpenClaw_Light/Generate_Schema.md
[LF] /home/dimitri/OpenClaw_Light/A11-predictive.js
[LF] /home/dimitri/OpenClaw_Light/.yarn/install-state.gz
[LF] /home/dimitri/OpenClaw_Light/A15-scene.js
[LF] /home/dimitri/OpenClaw_Light/Dashboard_Global_3.0.md
[LF] /home/dimitri/OpenClaw_Light/Dashboard_Suggestions.md
[LF] /home/dimitri/OpenClaw_Light/src/main.js
[LF] /home/dimitri/OpenClaw_Light/Dashboard_Risks.md
[LF] /home/dimitri/OpenClaw_Light/Dashboard_Release_Train.md
[LF] /home/dimitri/OpenClaw_Light/A12-optimizer.js
[LF] /home/dimitri/OpenClaw_Light/Dashboard_API_Documentation.md
[LF] /home/dimitri/OpenClaw_Light/Package_Module.md
[LF] /home/dimitri/OpenClaw_Light/Dashboard_Artistique.md
[LF] /home/dimitri/OpenClaw_Light/Dashboard_Intelligence_Contextuelle.md
[LF] /home/dimitri/OpenClaw_Light/ARBORESCENCE COMPLÈTE — OpenClaw_Light.txt
[LF] /home/dimitri/OpenClaw_Light/Dashboard_Tests.md
[LF] /home/dimitri/OpenClaw_Light/EXPORT_GLOBAL_A1-A22 .txt
[LF] /home/dimitri/OpenClaw_Light/config/ocm.txt
[LF] /home/dimitri/OpenClaw_Light/config/openclaw.conf
[LF] /home/dimitri/OpenClaw_Light/core/Versioning/Kanban_Versioning.md
[LF] /home/dimitri/OpenClaw_Light/core/Versioning/Versioning_Log.md
[LF] /home/dimitri/OpenClaw_Light/core/HF/HF_Predictif.md
[LF] /home/dimitri/OpenClaw_Light/core/HF/Kanban_HF.md
[LF] /home/dimitri/OpenClaw_Light/core/Électricité/Electricite_Predictive.md
[LF] /home/dimitri/OpenClaw_Light/core/Électricité/Kanban_Électricité.md
[LF] /home/dimitri/OpenClaw_Light/core/Bibliothèque_Matériel.md
[LF] /home/dimitri/OpenClaw_Light/core/README.md
[LF] /home/dimitri/OpenClaw_Light/core/Policies/README.md
[LF] /home/dimitri/OpenClaw_Light/core/Policies/IA_Policies.md
[LF] /home/dimitri/OpenClaw_Light/core/Policies/Render_Presets.md
[LF] /home/dimitri/OpenClaw_Light/core/Policies/Show_Control_Mappings.md
[LF] /home/dimitri/OpenClaw_Light/core/Policies/Kanban_Policies.md
[LF] /home/dimitri/OpenClaw_Light/core/Diagnostic/Diagnostic_Global.md
[LF] /home/dimitri/OpenClaw_Light/core/Diagnostic/Kanban_Diagnostic.md
[LF] /home/dimitri/OpenClaw_Light/core/DMX/Kanban_DMX.md
[LF] /home/dimitri/OpenClaw_Light/core/DMX/DMX_Predictif.md
[LF] /home/dimitri/OpenClaw_Light/core/Visualisation/Visualisation_3D.md
[LF] /home/dimitri/OpenClaw_Light/core/Simulation/Simulation_Globale.md
[LF] /home/dimitri/OpenClaw_Light/core/Simulation/Kanban_Simulation.md
[LF] /home/dimitri/OpenClaw_Light/core/MONOLITH_PLUS_PLUS.md
[LF] /home/dimitri/OpenClaw_Light/core/Artistique/Kanban_Artistique.md
[LF] /home/dimitri/OpenClaw_Light/core/Artistique/Artistique_Predictif.md
[LF] /home/dimitri/OpenClaw_Light/core/Architecture/Schema_Global_Arborescence.md
[LF] /home/dimitri/OpenClaw_Light/core/Rigging/Rigging_Predictif.md
[LF] /home/dimitri/OpenClaw_Light/core/Rigging/Kanban_Rigging.md
[LF] /home/dimitri/OpenClaw_Light/core/ShowControl/Kanban_Show Control.md
[LF] /home/dimitri/OpenClaw_Light/core/ShowControl/Show_Control.md
[LF] /home/dimitri/OpenClaw_Light/core/Documentation/Plan_Fusion_4_Eres.md
[LF] /home/dimitri/OpenClaw_Light/core/Réseau/Kanban_Réseau.md
[LF] /home/dimitri/OpenClaw_Light/core/Réseau/Réseau_Predictif.md
[LF] /home/dimitri/OpenClaw_Light/scripts/Generate_Dashboard.md
[LF] /home/dimitri/OpenClaw_Light/scripts/Generate_Timeline.md
[LF] /home/dimitri/OpenClaw_Light/scripts/Orchestrator_Distribue.md
[LF] /home/dimitri/OpenClaw_Light/scripts/Batch_Footer_Status.md
[LF] /home/dimitri/OpenClaw_Light/scripts/Generate_Preset.md
[LF] /home/dimitri/OpenClaw_Light/scripts/Lint_Vault.md
[LF] /home/dimitri/OpenClaw_Light/scripts/Update_Internal_Links.js
[LF] /home/dimitri/OpenClaw_Light/scripts/Migrate_Vault.md
[LF] /home/dimitri/OpenClaw_Light/scripts/Branching_System.md
[LF] /home/dimitri/OpenClaw_Light/scripts/Build_OpenClaw.md
[LF] /home/dimitri/OpenClaw_Light/scripts/Create_OpenClaw_Cockpit_Structure.js
[LF] /home/dimitri/OpenClaw_Light/scripts/Generate_TechDoc.md
[LF] /home/dimitri/OpenClaw_Light/scripts/Generate_Roadmap.md
[LF] /home/dimitri/OpenClaw_Light/scripts/Dashboard_Simulation.md
[LF] /home/dimitri/OpenClaw_Light/scripts/Batch_AddTags.md
[LF] /home/dimitri/OpenClaw_Light/scripts/AddStatus_Core.md
[LF] /home/dimitri/OpenClaw_Light/scripts/Refactor_Links.md
[LF] /home/dimitri/OpenClaw_Light/scripts/AddModuleTags.md
[LF] /home/dimitri/OpenClaw_Light/scripts/AddTags_Core.md
[LF] /home/dimitri/OpenClaw_Light/scripts/AutoVersioning.md
[LF] /home/dimitri/OpenClaw_Light/scripts/AddFooter_KanbanModules.md
[LF] /home/dimitri/OpenClaw_Light/scripts/AutoLog.md
[LF] /home/dimitri/OpenClaw_Light/scripts/CleanVault.md
[LF] /home/dimitri/OpenClaw_Light/scripts/Generate_LightPreset.md
[LF] /home/dimitri/OpenClaw_Light/scripts/Build_Env.md
[LF] /home/dimitri/OpenClaw_Light/scripts/Sync_Vaults.md
[LF] /home/dimitri/OpenClaw_Light/scripts/Optimize_Vault.md
[LF] /home/dimitri/OpenClaw_Light/scripts/AutoWriter.md
[LF] /home/dimitri/OpenClaw_Light/scripts/Generate_UserDoc.md
[LF] /home/dimitri/OpenClaw_Light/scripts/OpenClaw_Autonomous.md
[LF] /home/dimitri/OpenClaw_Light/scripts/Generate_Module.md
[LF] /home/dimitri/OpenClaw_Light/scripts/AddFooter_Core.md
[LF] /home/dimitri/OpenClaw_Light/scripts/Generate_Tests.md
[LF] /home/dimitri/OpenClaw_Light/scripts/Refactor_Content.md
[LF] /home/dimitri/OpenClaw_Light/Dashboard_Supervision.md
[LF] /home/dimitri/OpenClaw_Light/Dashboard_Analyse_Reseau.md
[LF] /home/dimitri/OpenClaw_Light/Dashboard_Rapports.md
[LF] /home/dimitri/OpenClaw_Light/Dashboard_Performance.md
[LF] /home/dimitri/OpenClaw_Light/.obsidian/snippets/theme-pro-global-v19.css
[LF] /home/dimitri/OpenClaw_Light/.obsidian/snippets/theme-pro-global-v-infinity2-ultrabeyond.css
[LF] /home/dimitri/OpenClaw_Light/.obsidian/snippets/theme-pro-global-v-phi-primal-light.css
[LF] /home/dimitri/OpenClaw_Light/.obsidian/snippets/dashboard-gil.css
[LF] /home/dimitri/OpenClaw_Light/.obsidian/snippets/theme-pro-global-v-omega2-absolute-return.css
[LF] /home/dimitri/OpenClaw_Light/.obsidian/snippets/theme-pro-global-v21.css
[LF] /home/dimitri/OpenClaw_Light/.obsidian/snippets/hud-pro-global.css
[LF] /home/dimitri/OpenClaw_Light/.obsidian/snippets/pack-ui-pro-v-infinity-omega.css
[LF] /home/dimitri/OpenClaw_Light/.obsidian/snippets/pack_ui_pro_vinf_omega.css
[LF] /home/dimitri/OpenClaw_Light/.obsidian/snippets/theme-pro-global-v-transcension.css
[LF] /home/dimitri/OpenClaw_Light/.obsidian/snippets/theme-pro-global-v11.css
[LF] /home/dimitri/OpenClaw_Light/.obsidian/snippets/theme-pro-global-v10.css
[LF] /home/dimitri/OpenClaw_Light/.obsidian/snippets/dashboard-actionhub.css
[LF] /home/dimitri/OpenClaw_Light/.obsidian/snippets/pack-ui-pro-v-transcended.css
[LF] /home/dimitri/OpenClaw_Light/.obsidian/snippets/theme-pro-global-v18.css
[LF] /home/dimitri/OpenClaw_Light/.obsidian/snippets/theme-pro-global.css
[LF] /home/dimitri/OpenClaw_Light/.obsidian/snippets/theme-pro-global-v10-1.css
[LF] /home/dimitri/OpenClaw_Light/.obsidian/snippets/theme-pro-global-v20.css
[LF] /home/dimitri/OpenClaw_Light/.obsidian/snippets/pack-ui-pro-v-infinity.css
[LF] /home/dimitri/OpenClaw_Light/.obsidian/snippets/pack-ui-pro-v4.css
[LF] /home/dimitri/OpenClaw_Light/.obsidian/snippets/theme-pro-global-v13.css
[LF] /home/dimitri/OpenClaw_Light/.obsidian/snippets/pack-ui-pro-v-infinity-sigma.css
[LF] /home/dimitri/OpenClaw_Light/.obsidian/snippets/pack-ui-pro-vx.css
[LF] /home/dimitri/OpenClaw_Light/.obsidian/snippets/pack-ui-pro.css
[LF] /home/dimitri/OpenClaw_Light/.obsidian/snippets/theme-pro-global-v23.css
[LF] /home/dimitri/OpenClaw_Light/.obsidian/snippets/theme-pro-global-v16.css
[LF] /home/dimitri/OpenClaw_Light/.obsidian/snippets/theme-pro-global-v17.css
[LF] /home/dimitri/OpenClaw_Light/.obsidian/snippets/theme-pro-global-v22.css
[LF] /home/dimitri/OpenClaw_Light/.obsidian/snippets/theme-pro-global-v15.css
[LF] /home/dimitri/OpenClaw_Light/.obsidian/snippets/theme-pro-global-v12.css
[LF] /home/dimitri/OpenClaw_Light/.obsidian/snippets/theme-pro-global-v14.css
[LF] /home/dimitri/OpenClaw_Light/.obsidian/snippets/theme-pro-global-v-sigma.css
[LF] /home/dimitri/OpenClaw_Light/.obsidian/snippets/theme-pro-global-v-xi-metastruture.css
[LF] /home/dimitri/OpenClaw_Light/.obsidian/snippets/theme-pro-global-v-omega.css
[LF] /home/dimitri/OpenClaw_Light/.obsidian/snippets/theme-pro-global-v-infinity-omega.css
[LF] /home/dimitri/OpenClaw_Light/.obsidian/snippets/theme-pro-global-v9.css
[LF] /home/dimitri/OpenClaw_Light/.obsidian/snippets/pack-ui-pro-v2.css
[LF] /home/dimitri/OpenClaw_Light/.obsidian/snippets/theme-pro-global-v-infinity.css
[LF] /home/dimitri/OpenClaw_Light/.obsidian/snippets/pack-ui-pro-v3.css
[LF] /home/dimitri/OpenClaw_Light/.obsidian/snippets/dashboard-command-center.css
[LF] /home/dimitri/OpenClaw_Light/.obsidian/snippets/dashboard-alertengine.css
[LF] /home/dimitri/OpenClaw_Light/.obsidian/snippets/theme-pro-global-v-zero.css
[LF] /home/dimitri/OpenClaw_Light/.obsidian/snippets/pack_ui_pro_vinf_omega_monolithique.css
[LF] /home/dimitri/OpenClaw_Light/.obsidian/Kanban_OpenClaw.md
[LF] /home/dimitri/OpenClaw_Light/Home.md
[LF] /home/dimitri/OpenClaw_Light/Dashboard_Builds.md
[LF] /home/dimitri/OpenClaw_Light/Dashboard_Action_Hub.md
[LF] /home/dimitri/OpenClaw_Light/A14-cueflow.js
[LF] /home/dimitri/OpenClaw_Light/Dashboard_Versioning.md
[LF] /home/dimitri/OpenClaw_Light/Dashboard_GIL_Global_Integration_Layer.md
[LF] /home/dimitri/OpenClaw_Light/Dashboard_Simulation_Show.md
[LF] /home/dimitri/OpenClaw_Light/Dashboard_Charge_Predictive.md
[LF] /home/dimitri/OpenClaw_Light/Dashboard_Master.md
[LF] /home/dimitri/OpenClaw_Light/A18-energy.js
[LF] /home/dimitri/OpenClaw_Light/Dashboard_Command_Center.md
[LF] /home/dimitri/OpenClaw_Light/Dashboard_Progression_Modules.md
[LF] /home/dimitri/OpenClaw_Light/Dashboard_Documentation.md
[LF] /home/dimitri/OpenClaw_Light/Dashboard_Workflows.md
[LF] /home/dimitri/OpenClaw_Light/modules/HERMES_GPU.ocm
[LF] /home/dimitri/OpenClaw_Light/A17-emotion.js
[LF] /home/dimitri/OpenClaw_Light/Dashboard_Workload.md
[LF] /home/dimitri/OpenClaw_Light/Dashboard_Qualite.md
[LF] /home/dimitri/OpenClaw_Light/Dashboard_Risques.md
[LF] /home/dimitri/OpenClaw_Light/Dashboard_Monitoring.md
[LF] /home/dimitri/OpenClaw_Light/A21-style.js
[LF] /home/dimitri/OpenClaw_Light/Dashboard_Progression_Graphique.md
[LF] /home/dimitri/OpenClaw_Light/Mode_sombre_PRO.md
[LF] /home/dimitri/OpenClaw_Light/system/HERMES_BRIDGE.ocm
[LF] /home/dimitri/OpenClaw_Light/system/BLUEPRINT_GLOBAL.ocm
[LF] /home/dimitri/OpenClaw_Light/system/POINT_OMEGA_INFINITY_ZERO_VOID.md
[LF] /home/dimitri/OpenClaw_Light/system/POINT_OMEGA_INFINITY.md
[LF] /home/dimitri/OpenClaw_Light/system/POINT_OMEGA_PLUS.md
[LF] /home/dimitri/OpenClaw_Light/system/SYSTEM_EXPORT.md
[LF] /home/dimitri/OpenClaw_Light/system/POINT_OMEGA_INFINITY_ZERO.md
[LF] /home/dimitri/OpenClaw_Light/system/ARCHITECTURE_MAP_MONOLITHIC.ocm
[LF] /home/dimitri/OpenClaw_Light/system/SYSTEM_EXPORT.ocm
[LF] /home/dimitri/OpenClaw_Light/system/SYSTEM_RECOVERY.md
[LF] /home/dimitri/OpenClaw_Light/system/BLUEPRINT_GLOBAL.md
[LF] /home/dimitri/OpenClaw_Light/system/SYSTEM_RECOVERY.ocm
[LF] /home/dimitri/OpenClaw_Light/system/SYNTHESIS_TOTAL.md
[LF] /home/dimitri/OpenClaw_Light/system/FUSION_CORE.md
[LF] /home/dimitri/OpenClaw_Light/system/ARCHITECTURE_MAP.ocm
[LF] /home/dimitri/OpenClaw_Light/system/HERMES_TTS_BRIDGE.ocm
[LF] /home/dimitri/OpenClaw_Light/system/POINT_OMEGA.md
[LF] /home/dimitri/OpenClaw_Light/system/ARCHITECTURE_MAP.md
[LF] /home/dimitri/OpenClaw_Light/system/SYSTEM_AUTOMATION.md
[LF] /home/dimitri/OpenClaw_Light/system/SYSTEM_AUTOMATION.ocm
[LF] /home/dimitri/OpenClaw_Light/system/MONOLITH_FINAL.md
[LF] /home/dimitri/OpenClaw_Light/system/SYSTEM_GLOBAL.md
[LF] /home/dimitri/OpenClaw_Light/system/ARCHITECTURE_MAP_MONOLITHIC.md
[LF] /home/dimitri/OpenClaw_Light/system/META_ORGANISM.md
[LF] /home/dimitri/OpenClaw_Light/system/TOTAL_CONDENSATE.md
[LF] /home/dimitri/OpenClaw_Light/system/SYSTEM_SYNTHESIS_ABSOLUTE.md
[LF] /home/dimitri/OpenClaw_Light/system/TTS_PIPELINE.ocm
[LF] /home/dimitri/OpenClaw_Light/system/SYSTEM_GLOBAL.ocm
[LF] /home/dimitri/OpenClaw_Light/Dashboard_Scoring.md
[LF] /home/dimitri/OpenClaw_Light/cockpit/monitoring/SYSTEM_MONITOR_TOTAL.md
[LF] /home/dimitri/OpenClaw_Light/cockpit/pack_UI_Pro/PACK_UI_PRO_vINF_OMEGA.md
[LF] /home/dimitri/OpenClaw_Light/cockpit/pack_UI_Pro/PACK_UI_PRO_vINF_OMEGA_FINAL.md
[LF] /home/dimitri/OpenClaw_Light/cockpit/status/Cockpit_Status_Panel.md
[LF] /home/dimitri/OpenClaw_Light/cockpit/status/Cockpit_Status_Panel_PACK_UI_PRO_v∞Ω.md
[LF] /home/dimitri/OpenClaw_Light/cockpit/ENGINE/HERMES_AI_SHOWMASTER_OMEGA.ocm
[LF] /home/dimitri/OpenClaw_Light/cockpit/ENGINE/HERMES_AI_CORE.ocm
[LF] /home/dimitri/OpenClaw_Light/cockpit/ENGINE/HERMES_AI_SHOWMASTER_SINGULARITY.ocm
[LF] /home/dimitri/OpenClaw_Light/cockpit/ENGINE/HERMES_PILOT.ocm
[LF] /home/dimitri/OpenClaw_Light/cockpit/ENGINE/HERMES_AI_SCENEWRITER.ocm
[LF] /home/dimitri/OpenClaw_Light/cockpit/ENGINE/HERMES_DASHBOARD_GPU.ocm
[LF] /home/dimitri/OpenClaw_Light/cockpit/ENGINE/HERMES_AI_SHOWMASTER_PLUS.ocm
[LF] /home/dimitri/OpenClaw_Light/cockpit/ENGINE/HERMES_LIGHT_EFFECTS_PRO.ocm
[LF] /home/dimitri/OpenClaw_Light/cockpit/ENGINE/HERMES_AI_TIMECODE.ocm
[LF] /home/dimitri/OpenClaw_Light/cockpit/ENGINE/HERMES_BENCHMARK.ocm
[LF] /home/dimitri/OpenClaw_Light/cockpit/ENGINE/HERMES_AI_LIVE_OPERATOR.ocm
[LF] /home/dimitri/OpenClaw_Light/cockpit/ENGINE/HERMES_MODEL_ROUTER.ocm
[LF] /home/dimitri/OpenClaw_Light/cockpit/ENGINE/HERMES_AI_DIRECTOR.ocm
[LF] /home/dimitri/OpenClaw_Light/cockpit/ENGINE/HERMES_AI_SHOWMASTER_INFINITY.ocm
[LF] /home/dimitri/OpenClaw_Light/cockpit/ENGINE/HERMES_AI_SHOWMASTER_ΩMEGA.ocm
[LF] /home/dimitri/OpenClaw_Light/cockpit/ENGINE/HERMES_LIGHT_ASSISTANT_EXT.ocm
[LF] /home/dimitri/OpenClaw_Light/cockpit/ENGINE/HERMES_OPTIMIZER.ocm
[LF] /home/dimitri/OpenClaw_Light/cockpit/ENGINE/HERMES_OS.ocm
[LF] /home/dimitri/OpenClaw_Light/cockpit/ENGINE/HERMES_COCKPIT_MASTER_TOTAL_v4.ocm
[LF] /home/dimitri/OpenClaw_Light/cockpit/ENGINE/HERMES_AI_AUDIOREACTOR.ocm
[LF] /home/dimitri/OpenClaw_Light/cockpit/ENGINE/HERMES_AI_SHOWMASTER.ocm
[LF] /home/dimitri/OpenClaw_Light/cockpit/ENGINE/HERMES_LIGHT_AUTOPATCH.ocm
[LF] /home/dimitri/OpenClaw_Light/cockpit/ENGINE/HERMES_AI_SHOWMASTER_OMNI.ocm
[LF] /home/dimitri/OpenClaw_Light/cockpit/ENGINE/HERMES_LIGHT_SHOWBUILDER.ocm
[LF] /home/dimitri/OpenClaw_Light/cockpit/ENGINE/TTS_ENGINE.ocm
[LF] /home/dimitri/OpenClaw_Light/cockpit/ENGINE/HERMES_AI_SHOWMASTER_ULTRA.ocm
[LF] /home/dimitri/OpenClaw_Light/cockpit/ENGINE/HERMES_LIGHT_PIXELENGINE.ocm
[LF] /home/dimitri/OpenClaw_Light/cockpit/ENGINE/HERMES_SYSTEM_MONITOR_TOTAL.ocm
[LF] /home/dimitri/OpenClaw_Light/cockpit/ENGINE/HERMES_GPU_MONITOR.ocm
[LF] /home/dimitri/OpenClaw_Light/cockpit/ENGINE/HERMES_AI_RIGDESIGNER.ocm
[LF] /home/dimitri/OpenClaw_Light/cockpit/MODULES/A-36_AI_Layer_v12.md
[LF] /home/dimitri/OpenClaw_Light/cockpit/MODULES/ERA-META-OPS_FUSION.md
[LF] /home/dimitri/OpenClaw_Light/cockpit/MODULES/ERA-META-OPS_v2.md
[LF] /home/dimitri/OpenClaw_Light/cockpit/MODULES/ERA-META-ORIGIN.md
[LF] /home/dimitri/OpenClaw_Light/cockpit/MODULES/A-35_AI_Layer_v11.md
[LF] /home/dimitri/OpenClaw_Light/cockpit/MODULES/H-15_HUD_Master_INFINITY_OMEGA_Era_XIII.md
[LF] /home/dimitri/OpenClaw_Light/cockpit/MODULES/H-06_HUD_Master_Panel_Era_V.md
[LF] /home/dimitri/OpenClaw_Light/cockpit/MODULES/ERA-META-OPS_v3.md
[LF] /home/dimitri/OpenClaw_Light/cockpit/MODULES/ERA-META-OPS_FUSION-FLOW.md
[LF] /home/dimitri/OpenClaw_Light/cockpit/MODULES/ERA-META-OPS_vOmega.md
[LF] /home/dimitri/OpenClaw_Light/cockpit/MODULES/A-30_AI_Layer_v6.md
[LF] /home/dimitri/OpenClaw_Light/cockpit/MODULES/ERA-META-OPS_FUSION-SINGULARITY-ORIGIN-LOOP.md
[LF] /home/dimitri/OpenClaw_Light/cockpit/MODULES/A-47_AI_Layer_v23.md
[LF] /home/dimitri/OpenClaw_Light/cockpit/MODULES/ERA-Infinite.md
[LF] /home/dimitri/OpenClaw_Light/cockpit/MODULES/H-05_HUD_Strategic_Panel_Era_IV.md
[LF] /home/dimitri/OpenClaw_Light/cockpit/MODULES/ERA-META-OPS_vFX.md
[LF] /home/dimitri/OpenClaw_Light/cockpit/MODULES/H-10_HUD_Master_INFINITE_Era_VIII.md
[LF] /home/dimitri/OpenClaw_Light/cockpit/MODULES/ERA-META_v2.md
[LF] /home/dimitri/OpenClaw_Light/cockpit/MODULES/A-45_AI_Layer_v21.md
[LF] /home/dimitri/OpenClaw_Light/cockpit/MODULES/ERA-META-SINGULARITY-FIELD.md
[LF] /home/dimitri/OpenClaw_Light/cockpit/MODULES/A-38_AI_Layer_v14.md
[LF] /home/dimitri/OpenClaw_Light/cockpit/MODULES/ERA-META-OPS_FUSION-ABSOLUTE.md
[LF] /home/dimitri/OpenClaw_Light/cockpit/MODULES/H-04_HUD_Tactical_Panel_Era_IV.md
[LF] /home/dimitri/OpenClaw_Light/cockpit/MODULES/ERA-META-SINGULARITY-OMEGA.md
[LF] /home/dimitri/OpenClaw_Light/cockpit/MODULES/ERA-META-OPS_vSEC.md
[LF] /home/dimitri/OpenClaw_Light/cockpit/MODULES/H-07_HUD_Master_ULTRA_Era_V.md
[LF] /home/dimitri/OpenClaw_Light/cockpit/MODULES/ERA-META-OPS_FUSION-FIELD.md
[LF] /home/dimitri/OpenClaw_Light/cockpit/MODULES/CLEANER.ocm
[LF] /home/dimitri/OpenClaw_Light/cockpit/MODULES/H-14_HUD_Master_INFINITY_Era_XII.md
[LF] /home/dimitri/OpenClaw_Light/cockpit/MODULES/ERA-META-SINGULARITY.md
[LF] /home/dimitri/OpenClaw_Light/cockpit/MODULES/ERA-META-OPS_FUSION-COSMOS-ABSOLUTE.md
[LF] /home/dimitri/OpenClaw_Light/cockpit/MODULES/A-40_AI_Layer_v16.md
[LF] /home/dimitri/OpenClaw_Light/cockpit/MODULES/ERA-META_vInfinite.md
[LF] /home/dimitri/OpenClaw_Light/cockpit/MODULES/ERA-META-OPS_FUSION-COSMOS.md
[LF] /home/dimitri/OpenClaw_Light/cockpit/MODULES/ERA-META-OPS_vAI.md
[LF] /home/dimitri/OpenClaw_Light/cockpit/MODULES/ERA-META-OPS_vHUD.md
[LF] /home/dimitri/OpenClaw_Light/cockpit/MODULES/A-41_AI_Layer_v17.md
[LF] /home/dimitri/OpenClaw_Light/cockpit/MODULES/ERA-META-OPS_vACTION.md
[LF] /home/dimitri/OpenClaw_Light/cockpit/MODULES/A-23_Cockpit_Status_Panel.md
[LF] /home/dimitri/OpenClaw_Light/cockpit/MODULES/H-03_HUD_Vision_Panel_Era_III.md
[LF] /home/dimitri/OpenClaw_Light/cockpit/MODULES/A-34_AI_Layer_v10.md
[LF] /home/dimitri/OpenClaw_Light/cockpit/MODULES/H-13_HUD_Master_ONTOLOGIC_Era_XI.md
[LF] /home/dimitri/OpenClaw_Light/cockpit/MODULES/A-28_AI_Layer_v4.md
[LF] /home/dimitri/OpenClaw_Light/cockpit/MODULES/A-33_AI_Layer_v9.md
[LF] /home/dimitri/OpenClaw_Light/cockpit/MODULES/H-09_HUD_Master_ABSOLUTE_Era_VII.md
[LF] /home/dimitri/OpenClaw_Light/cockpit/MODULES/ERA-META-OPS_vInfinite.md
[LF] /home/dimitri/OpenClaw_Light/cockpit/MODULES/ARBORESCENCE_REPAIR.ocm
[LF] /home/dimitri/OpenClaw_Light/cockpit/MODULES/A-32_AI_Layer_v8.md
[LF] /home/dimitri/OpenClaw_Light/cockpit/MODULES/A-31_AI_Layer_v7.md
[LF] /home/dimitri/OpenClaw_Light/cockpit/MODULES/ERA-META-OPS_v1.md
[LF] /home/dimitri/OpenClaw_Light/cockpit/MODULES/A-25_AI_Layer_v1.md
[LF] /home/dimitri/OpenClaw_Light/cockpit/MODULES/A-26_AI_Layer_v2.md
[LF] /home/dimitri/OpenClaw_Light/cockpit/MODULES/H-18_HUD_Master_FINALIS_Era_XVI.md
[LF] /home/dimitri/OpenClaw_Light/cockpit/MODULES/H-12_HUD_Master_OMEGA_Era_X.md
[LF] /home/dimitri/OpenClaw_Light/cockpit/MODULES/A-42_AI_Layer_v18.md
[LF] /home/dimitri/OpenClaw_Light/cockpit/MODULES/A-39_AI_Layer_v15.md
[LF] /home/dimitri/OpenClaw_Light/cockpit/MODULES/H-17_HUD_Master_OOO_Era_XV.md
[LF] /home/dimitri/OpenClaw_Light/cockpit/MODULES/ERA-META-OPS_vUI.md
[LF] /home/dimitri/OpenClaw_Light/cockpit/MODULES/A-37_AI_Layer_v13.md
[LF] /home/dimitri/OpenClaw_Light/cockpit/MODULES/ERA-META-OPS_v4.md
[LF] /home/dimitri/OpenClaw_Light/cockpit/MODULES/ERA-META-OPS_FUSION-ORIGIN.md
[LF] /home/dimitri/OpenClaw_Light/cockpit/MODULES/H-11_HUD_Master_ETERNAL_Era_IX.md
[LF] /home/dimitri/OpenClaw_Light/cockpit/MODULES/ERA-META-OPS_vABS.md
[LF] /home/dimitri/OpenClaw_Light/cockpit/MODULES/H-02_HUD_Status_Panel_Era_II.md
[LF] /home/dimitri/OpenClaw_Light/cockpit/MODULES/A-44_AI_Layer_v20.md
[LF] /home/dimitri/OpenClaw_Light/cockpit/MODULES/ERA-META_v1.md
[LF] /home/dimitri/OpenClaw_Light/cockpit/MODULES/A-46_AI_Layer_v22.md
[LF] /home/dimitri/OpenClaw_Light/cockpit/MODULES/ERA-META-OPS_FUSION-CORE.md
[LF] /home/dimitri/OpenClaw_Light/cockpit/MODULES/ERA-META_v3.md
[LF] /home/dimitri/OpenClaw_Light/cockpit/MODULES/ERA-META-OPS_vUX.md
[LF] /home/dimitri/OpenClaw_Light/cockpit/MODULES/A-29_AI_Layer_v5.md
[LF] /home/dimitri/OpenClaw_Light/cockpit/MODULES/A-27_AI_Layer_v3.md
[LF] /home/dimitri/OpenClaw_Light/cockpit/MODULES/ERA-META-OPS_FUSION-SINGULARITY.md
[LF] /home/dimitri/OpenClaw_Light/cockpit/MODULES/ERA-META-SINGULARITY-ABSOLUTE.md
[LF] /home/dimitri/OpenClaw_Light/cockpit/MODULES/ERA-META_vOmega.md
[LF] /home/dimitri/OpenClaw_Light/cockpit/MODULES/ERA-META-OPS_vUI-PRO.md
[LF] /home/dimitri/OpenClaw_Light/cockpit/MODULES/ERA-META-SINGULARITY-CORE.md
[LF] /home/dimitri/OpenClaw_Light/cockpit/MODULES/A-43_AI_Layer_v19.md
[LF] /home/dimitri/OpenClaw_Light/cockpit/MODULES/H-08_HUD_Master_OMNI_Era_VI.md
[LF] /home/dimitri/OpenClaw_Light/cockpit/MODULES/ERA-META-OPS_vNAV.md
[LF] /home/dimitri/OpenClaw_Light/cockpit/MODULES/H-16_HUD_Master_OMEGA_ONTO_INFINITE_Era_XIV.md
[LF] /home/dimitri/OpenClaw_Light/cockpit/MODULES/ERA-META-OPS_vCORE.md
[LF] /home/dimitri/OpenClaw_Light/cockpit/MODULES/A-24_Auto_Repair_Engine.md
[LF] /home/dimitri/OpenClaw_Light/cockpit/MODULES/ERA-META-OPS_FUSION-AI.md
[LF] /home/dimitri/OpenClaw_Light/cockpit/MODULES/ERA-META_vInfiniteInfinite.md
[LF] /home/dimitri/OpenClaw_Light/cockpit/COCKPIT_ROOT.md
[LF] /home/dimitri/OpenClaw_Light/cockpit/emergency/EMERGENCY_SEQUENCE_TOTAL.md
[LF] /home/dimitri/OpenClaw_Light/cockpit/META_OPS/META_OPS_BETA_TOTAL_STACK.md
[LF] /home/dimitri/OpenClaw_Light/cockpit/META_OPS/META_OPS_CREATION_ENGINE.md
[LF] /home/dimitri/OpenClaw_Light/cockpit/META_OPS/META_OPS_EPSILON_TOTAL_STACK.md
[LF] /home/dimitri/OpenClaw_Light/cockpit/META_OPS/META_OPS_TOTAL_PROTOCOL.md
[LF] /home/dimitri/OpenClaw_Light/cockpit/META_OPS/META_OPS_INFINITY_FIELD.md
[LF] /home/dimitri/OpenClaw_Light/cockpit/META_OPS/META_OPS_ADAPTIVE_ENGINE.md
[LF] /home/dimitri/OpenClaw_Light/cockpit/META_OPS/META_OPS_ORIGIN_ENGINE.md
[LF] /home/dimitri/OpenClaw_Light/cockpit/META_OPS/META_OPS_ZERO_LAYER.md
[LF] /home/dimitri/OpenClaw_Light/cockpit/META_OPS/META_OPS_OMNI_ENGINE.md
[LF] /home/dimitri/OpenClaw_Light/cockpit/META_OPS/META_OPS_ULTIMATE_ENGINE.md
[LF] /home/dimitri/OpenClaw_Light/cockpit/META_OPS/META_OPS_ZETA_TOTAL_STACK.md
[LF] /home/dimitri/OpenClaw_Light/cockpit/META_OPS/META_OPS_DELTA_TOTAL_STACK.md
[LF] /home/dimitri/OpenClaw_Light/cockpit/META_OPS/META_OPS_INFINITY_LAYER.md
[LF] /home/dimitri/OpenClaw_Light/cockpit/META_OPS/META_OPS_SYNTHESIS_ENGINE.md
[LF] /home/dimitri/OpenClaw_Light/cockpit/META_OPS/META_OPS_EPSILON_LAYER.md
[LF] /home/dimitri/OpenClaw_Light/cockpit/META_OPS/META_OPS_ALPHA_LAYER.md
[LF] /home/dimitri/OpenClaw_Light/cockpit/META_OPS/META_OPS_EVOLUTION_ENGINE.md
[LF] /home/dimitri/OpenClaw_Light/cockpit/META_OPS/META_OPS_FLOW_PROTOCOL.md
[LF] /home/dimitri/OpenClaw_Light/cockpit/META_OPS/META_OPS_COSMIC_PROTOCOL.md
[LF] /home/dimitri/OpenClaw_Light/cockpit/META_OPS/META_OPS_GAMMA_ENGINE.md
[LF] /home/dimitri/OpenClaw_Light/cockpit/META_OPS/META‑OPS_UI_ENGINE.md
[LF] /home/dimitri/OpenClaw_Light/cockpit/META_OPS/META_OPS_CORE_ENGINE.md
[LF] /home/dimitri/OpenClaw_Light/cockpit/META_OPS/META_OPS_TOTALITY_ENGINE.md
[LF] /home/dimitri/OpenClaw_Light/cockpit/META_OPS/META_OPS_COSMIC_LAYER.md
[LF] /home/dimitri/OpenClaw_Light/cockpit/META_OPS/META_OPS_ALPHA_TOTAL_STACK.md
[LF] /home/dimitri/OpenClaw_Light/cockpit/META_OPS/META_OPS_ZETA_ENGINE.md
[LF] /home/dimitri/OpenClaw_Light/cockpit/META_OPS/META_OPS_BEHAVIOR_MODEL.md
[LF] /home/dimitri/OpenClaw_Light/cockpit/META_OPS/META_OPS_OMNI_LAYER.md
[LF] /home/dimitri/OpenClaw_Light/cockpit/META_OPS/META_OPS_ALPHA_ENGINE.md
[LF] /home/dimitri/OpenClaw_Light/cockpit/META_OPS/META_OPS_OMEGA_LAYER.md
[LF] /home/dimitri/OpenClaw_Light/cockpit/META_OPS/META_OPS_OMEGA_ENGINE.md
[LF] /home/dimitri/OpenClaw_Light/cockpit/META_OPS/META_OPS_FINAL_STACK.md
[LF] /home/dimitri/OpenClaw_Light/cockpit/META_OPS/META_OPS_FUSION_ENGINE.md
[LF] /home/dimitri/OpenClaw_Light/cockpit/META_OPS/META_OPS_PRIMORDIAL_ENGINE.md
[LF] /home/dimitri/OpenClaw_Light/cockpit/META_OPS/META_OPS_DELTA_ENGINE.md
[LF] /home/dimitri/OpenClaw_Light/cockpit/META_OPS/META_OPS_ROOT_ENGINE.md
[LF] /home/dimitri/OpenClaw_Light/cockpit/META_OPS/META_OPS_PREDICTION_ENGINE.md
[LF] /home/dimitri/OpenClaw_Light/cockpit/META_OPS/META_OPS_DIAGNOSTIC_ENGINE.md
[LF] /home/dimitri/OpenClaw_Light/cockpit/META_OPS/META_OPS_COSMIC_ENGINE.md
[LF] /home/dimitri/OpenClaw_Light/cockpit/META_OPS/META_OPS_REACTION_LIBRARY.md
[LF] /home/dimitri/OpenClaw_Light/cockpit/META_OPS/META_OPS_OMEGA_TOTAL_STACK.md
[LF] /home/dimitri/OpenClaw_Light/cockpit/META_OPS/META_OPS_DELTA_LAYER.md
[LF] /home/dimitri/OpenClaw_Light/cockpit/META_OPS/META_OPS_OMNIVERSAL_ENGINE.md
[LF] /home/dimitri/OpenClaw_Light/cockpit/META_OPS/META_OPS_COSMIC_TOTAL_STACK.md
[LF] /home/dimitri/OpenClaw_Light/cockpit/META_OPS/META_OPS_HUD_ENGINE.md
[LF] /home/dimitri/OpenClaw_Light/cockpit/META_OPS/META_OPS_ABSOLUTE_ENGINE.md
[LF] /home/dimitri/OpenClaw_Light/cockpit/META_OPS/META_OPS_SUPERVISION_LAYER.md
[LF] /home/dimitri/OpenClaw_Light/cockpit/META_OPS/META_OPS_BETA_ENGINE.md
[LF] /home/dimitri/OpenClaw_Light/cockpit/META_OPS/META_OPS_INTERNAL_MAP.md
[LF] /home/dimitri/OpenClaw_Light/cockpit/META_OPS/META_OPS_TRANSCENDENCE_ENGINE.md
[LF] /home/dimitri/OpenClaw_Light/cockpit/META_OPS/META_OPS_INFINITY_TOTAL_STACK.md
[LF] /home/dimitri/OpenClaw_Light/cockpit/META_OPS/META_OPS_COSMIC_FUSION.md
[LF] /home/dimitri/OpenClaw_Light/cockpit/META_OPS/META_OPS_AUTOMATION_ENGINE.md
[LF] /home/dimitri/OpenClaw_Light/cockpit/META_OPS/META_OPS_ZETA_LAYER.md
[LF] /home/dimitri/OpenClaw_Light/cockpit/META_OPS/META_OPS_MASTER_ENGINE.md
[LF] /home/dimitri/OpenClaw_Light/cockpit/META_OPS/META_OPS_SECURITY_ENGINE.md
[LF] /home/dimitri/OpenClaw_Light/cockpit/META_OPS/META_OPS_GAMMA_LAYER.md
[LF] /home/dimitri/OpenClaw_Light/cockpit/META_OPS/META_OPS_SOURCE_ENGINE.md
[LF] /home/dimitri/OpenClaw_Light/cockpit/META_OPS/META_OPS_INFINITY_ENGINE.md
[LF] /home/dimitri/OpenClaw_Light/cockpit/META_OPS/META_OPS_STATE_PROTOCOL.md
[LF] /home/dimitri/OpenClaw_Light/cockpit/META_OPS/META_OPS_MASTER_TOTAL_STACK.md
[LF] /home/dimitri/OpenClaw_Light/cockpit/META_OPS/META_OPS_BETA_LAYER.md
[LF] /home/dimitri/OpenClaw_Light/cockpit/META_OPS/META_OPS_EPSILON_ENGINE.md
[LF] /home/dimitri/OpenClaw_Light/cockpit/META_OPS/META_OPS_GAMMA_TOTAL_STACK.md
[LF] /home/dimitri/OpenClaw_Light/cockpit/META_OPS/META_OPS_ENGINE_FUSION.md
[LF] /home/dimitri/OpenClaw_Light/cockpit/startup/STARTUP_SEQUENCE_TOTAL.md
[LF] /home/dimitri/OpenClaw_Light/cockpit/diagnostic/DIAGNOSTIC_ENGINE_TOTAL.md
[LF] /home/dimitri/OpenClaw_Light/cockpit/DASHBOARD_GLOBAL_TOTAL.md
[LF] /home/dimitri/OpenClaw_Light/cockpit/BOOT_SEQUENCE.txt
[LF] /home/dimitri/OpenClaw_Light/cockpit/core/CORE_ENGINE_TOTAL.md
[LF] /home/dimitri/OpenClaw_Light/cockpit/structure/Cockpit_Architecture_A1-A22_V17-V∴.md
[LF] /home/dimitri/OpenClaw_Light/cockpit/COCKPIT_GLOBAL.md
[LF] /home/dimitri/OpenClaw_Light/cockpit/flowchart/COCKPIT_MASTER_FLOWCHART.md
[LF] /home/dimitri/OpenClaw_Light/cockpit/reports/SYSTEM_HEALTH_REPORT_TEMPLATE.md
[LF] /home/dimitri/OpenClaw_Light/cockpit/blueprint/Blueprint_Cockpit_Global.md
[LF] /home/dimitri/OpenClaw_Light/cockpit/blueprint/Blueprint_Integration_Total.md
[LF] /home/dimitri/OpenClaw_Light/cockpit/SYSTEM_MONITOR_TOTAL.md
[LF] /home/dimitri/OpenClaw_Light/cockpit/Index_Cockpit.md
[LF] /home/dimitri/OpenClaw_Light/cockpit/COCKPIT_MASTER_TOTAL.md
[LF] /home/dimitri/OpenClaw_Light/cockpit/dashboard/COCKPIT_MASTER_DASHBOARD.md
[LF] /home/dimitri/OpenClaw_Light/cockpit/shutdown/SHUTDOWN_SEQUENCE_TOTAL.md
[LF] /home/dimitri/OpenClaw_Light/cockpit/timeline/COCKPIT_MASTER_TIMELINE.md
[LF] /home/dimitri/OpenClaw_Light/cockpit/HUD_MASTER_TOTAL.md
[LF] /home/dimitri/OpenClaw_Light/cockpit/maps/Carte_Mentale_Cockpit.md
[LF] /home/dimitri/OpenClaw_Light/cockpit/hud/HUD_MASTER_TOTAL.md
[LF] /home/dimitri/OpenClaw_Light/cockpit/maintenance/MAINTENANCE_ENGINE_TOTAL.md
[LF] /home/dimitri/OpenClaw_Light/cockpit/Index_Cockpit_Auto.md
[LF] /home/dimitri/OpenClaw_Light/cockpit/UI/PACK_UI_PRO_v∞Ω.md
[LF] /home/dimitri/OpenClaw_Light/A16-pattern.js
[LF] /home/dimitri/OpenClaw_Light/Dashboard_Distribution.md
[LF] /home/dimitri/OpenClaw_Light/Dashboard_Rollback.md
[LF] /home/dimitri/OpenClaw_Light/Dashboard_Global_Overview.md
[LF] /home/dimitri/OpenClaw_Light/A13-timeline.js
[LF] /home/dimitri/OpenClaw_Light/Dashboard_Alert_Engine.md
[LF] /home/dimitri/OpenClaw_Light/Dashboard_Notifications.md
[LF] /home/dimitri/OpenClaw_Light/Dashboard_Priorites.md
[LF] /home/dimitri/OpenClaw_Light/widgets/HUD/HUD-FUSION.js
[LF] /home/dimitri/OpenClaw_Light/widgets/HUD/A18-H-energy.js
[LF] /home/dimitri/OpenClaw_Light/widgets/HUD/A22-H-identity.js
[LF] /home/dimitri/OpenClaw_Light/widgets/HUD/A21-H-style.js
[LF] /home/dimitri/OpenClaw_Light/widgets/HUD/A12-H-optimizer.js
[LF] /home/dimitri/OpenClaw_Light/widgets/HUD/A20-H-harmony.js
[LF] /home/dimitri/OpenClaw_Light/widgets/HUD/A9-H-intelligence.js
[LF] /home/dimitri/OpenClaw_Light/widgets/HUD/A10-H-repair.js
[LF] /home/dimitri/OpenClaw_Light/widgets/HUD/A19-H-contrast.js
[LF] /home/dimitri/OpenClaw_Light/widgets/HUD/A16-H-pattern.js
[LF] /home/dimitri/OpenClaw_Light/widgets/HUD/A17-H-emotion.js
[LF] /home/dimitri/OpenClaw_Light/widgets/HUD/A15-H-scene.js
[LF] /home/dimitri/OpenClaw_Light/widgets/HUD/HUD-MASTER-ULTRA-A1-A22.js
[LF] /home/dimitri/OpenClaw_Light/widgets/HUD/A13-H-timeline.js
[LF] /home/dimitri/OpenClaw_Light/widgets/HUD/A11-H-predictive.js
[LF] /home/dimitri/OpenClaw_Light/widgets/HUD/HUD-MASTER-A1-A22.js
[LF] /home/dimitri/OpenClaw_Light/widgets/HUD/HUD-MASTER-EXTENDED-A1-A22.js
[LF] /home/dimitri/OpenClaw_Light/widgets/HUD/A14-H-cueflow.js
[LF] /home/dimitri/OpenClaw_Light/Dashboard_Pipelines.md
[LF] /home/dimitri/OpenClaw_Light/Dashboard_Changelog.md
[LF] /home/dimitri/OpenClaw_Light/Dashboard_Timeline.md
[LF] /home/dimitri/OpenClaw_Light/engine/Generation_Presets.md
[LF] /home/dimitri/OpenClaw_Light/engine/Export_Shows.md
[LF] /home/dimitri/OpenClaw_Light/engine/Generation_FX.md
[LF] /home/dimitri/OpenClaw_Light/engine/Generation_Advanced.md
[LF] /home/dimitri/OpenClaw_Light/engine/Generation_Cues_Dynamiques.md
[LF] /home/dimitri/OpenClaw_Light/engine/Analyse_Presets.md
[LF] /home/dimitri/OpenClaw_Light/engine/Generation_Shows_Complets.md
[LF] /home/dimitri/OpenClaw_Light/engine/Generation_ColorMix.md
[LF] /home/dimitri/OpenClaw_Light/engine/Analyse_Projecteurs.md
[LF] /home/dimitri/OpenClaw_Light/Dashboard_Policies.md
[LF] /home/dimitri/OpenClaw_Light/Dashboard_Alerts.md
[LF] /home/dimitri/OpenClaw_Light/Dashboard_Automation.md
[LF] /home/dimitri/OpenClaw_Light/Theme_PRO_Global.md
[LF] /home/dimitri/OpenClaw_Light/Dashboard_Search_Advanced.md
[LF] /home/dimitri/OpenClaw_Light/A10-repair.js
[LF] /home/dimitri/OpenClaw_Light/hud/HUD_PRO_Global.md
[LF] /home/dimitri/OpenClaw_Light/Dashboard_Alertes.md
[LF] /home/dimitri/OpenClaw_Light/lumière/Fixtures/Modèle_ Projecteur_ Vierge.md
[LF] /home/dimitri/OpenClaw_Light/lumière/Fixtures/Profiles/Modèle_ Projecteur_ Vierge.md
[LF] /home/dimitri/OpenClaw_Light/lumière/Fixtures/Profiles/Ayrton_Eurus_Profile.md
[LF] /home/dimitri/OpenClaw_Light/A20-harmony.js
[LF] /home/dimitri/OpenClaw_Light/A22-identity.js
[LF] /home/dimitri/OpenClaw_Light/Planning_Hebdo.md
[LF] /home/dimitri/OpenClaw_Light/Dashboard_Dependances.md
[LF] /home/dimitri/OpenClaw_Light/Dashboard_Securite.md
[LF] /home/dimitri/OpenClaw_Light/Dashboard_Environments.md
[LF] /home/dimitri/OpenClaw_Light/Dashboard_Global_2.0.md
[LF] /home/dimitri/OpenClaw_Light/A9-intelligence.js
[LF] /home/dimitri/OpenClaw_Light/Tags_System.md
[LF] /home/dimitri/OpenClaw_Light/Dashboard_Analyse_Intelligente.md
[DONE] Fri May  8 14:33:26 CEST 2026
