=== ULTIMATE LOG — Fri May  8 14:54:54 CEST 2026 ===
/home/dimitri/OpenClaw_Light
/home/dimitri/OpenClaw_Light/dashboards
/home/dimitri/OpenClaw_Light/timelines
/home/dimitri/OpenClaw_Light/principles
/home/dimitri/OpenClaw_Light/ENGINE
/home/dimitri/OpenClaw_Light/roadmaps
/home/dimitri/OpenClaw_Light/.yarn
/home/dimitri/OpenClaw_Light/src
/home/dimitri/OpenClaw_Light/bin
/home/dimitri/OpenClaw_Light/rapports
/home/dimitri/OpenClaw_Light/builds
/home/dimitri/OpenClaw_Light/schemas
/home/dimitri/OpenClaw_Light/lightpresets
/home/dimitri/OpenClaw_Light/config
/home/dimitri/OpenClaw_Light/core
/home/dimitri/OpenClaw_Light/core/Versioning
/home/dimitri/OpenClaw_Light/core/HF
/home/dimitri/OpenClaw_Light/core/Électricité
/home/dimitri/OpenClaw_Light/core/Library
/home/dimitri/OpenClaw_Light/core/Policies
/home/dimitri/OpenClaw_Light/core/Exports
/home/dimitri/OpenClaw_Light/core/Diagnostic
/home/dimitri/OpenClaw_Light/core/DMX
/home/dimitri/OpenClaw_Light/core/Visualisation
/home/dimitri/OpenClaw_Light/core/Simulation
/home/dimitri/OpenClaw_Light/core/PRD
/home/dimitri/OpenClaw_Light/core/Artistique
/home/dimitri/OpenClaw_Light/core/Architecture
/home/dimitri/OpenClaw_Light/core/Rigging
/home/dimitri/OpenClaw_Light/core/ShowControl
/home/dimitri/OpenClaw_Light/core/Documentation
/home/dimitri/OpenClaw_Light/core/Réseau
/home/dimitri/OpenClaw_Light/scripts
/home/dimitri/OpenClaw_Light/.obsidian
/home/dimitri/OpenClaw_Light/.obsidian/snippets
/home/dimitri/OpenClaw_Light/.obsidian/plugins
/home/dimitri/OpenClaw_Light/.obsidian/plugins/templater-obsidian
/home/dimitri/OpenClaw_Light/.obsidian/plugins/dataview
/home/dimitri/OpenClaw_Light/tests
/home/dimitri/OpenClaw_Light/modules
/home/dimitri/OpenClaw_Light/modules/OpenClaw_ObsidianBridge
/home/dimitri/OpenClaw_Light/system
/home/dimitri/OpenClaw_Light/cockpit
/home/dimitri/OpenClaw_Light/cockpit/monitoring
/home/dimitri/OpenClaw_Light/cockpit/pack_UI_Pro
/home/dimitri/OpenClaw_Light/cockpit/status
/home/dimitri/OpenClaw_Light/cockpit/ENGINE
/home/dimitri/OpenClaw_Light/cockpit/MODULES
/home/dimitri/OpenClaw_Light/cockpit/emergency
/home/dimitri/OpenClaw_Light/cockpit/META_OPS
/home/dimitri/OpenClaw_Light/cockpit/startup
/home/dimitri/OpenClaw_Light/cockpit/diagnostic
/home/dimitri/OpenClaw_Light/cockpit/core
/home/dimitri/OpenClaw_Light/cockpit/structure
/home/dimitri/OpenClaw_Light/cockpit/flowchart
/home/dimitri/OpenClaw_Light/cockpit/reports
/home/dimitri/OpenClaw_Light/cockpit/blueprint
/home/dimitri/OpenClaw_Light/cockpit/dashboard
/home/dimitri/OpenClaw_Light/cockpit/shutdown
/home/dimitri/OpenClaw_Light/cockpit/timeline
/home/dimitri/OpenClaw_Light/cockpit/maps
/home/dimitri/OpenClaw_Light/cockpit/hud
/home/dimitri/OpenClaw_Light/cockpit/maintenance
/home/dimitri/OpenClaw_Light/cockpit/UI
/home/dimitri/OpenClaw_Light/techdocs
/home/dimitri/OpenClaw_Light/presets
/home/dimitri/OpenClaw_Light/packages
/home/dimitri/OpenClaw_Light/widgets
/home/dimitri/OpenClaw_Light/widgets/HUD
/home/dimitri/OpenClaw_Light/engine
/home/dimitri/OpenClaw_Light/userdocs
/home/dimitri/OpenClaw_Light/hud
/home/dimitri/OpenClaw_Light/lumière
/home/dimitri/OpenClaw_Light/lumière/Fixtures
/home/dimitri/OpenClaw_Light/lumière/Fixtures/FX
/home/dimitri/OpenClaw_Light/lumière/Fixtures/Wash
/home/dimitri/OpenClaw_Light/lumière/Fixtures/Hybrid
/home/dimitri/OpenClaw_Light/lumière/Fixtures/Beam
/home/dimitri/OpenClaw_Light/lumière/Fixtures/Strobe
/home/dimitri/OpenClaw_Light/lumière/Fixtures/Profiles
[MODE] SINGULARITY
[EVOLVE] Fri May  8 14:54:54 CEST 2026
