=== SINGULARITY LOG — Fri May  8 14:52:31 CEST 2026 ===
/home/dimitri/OpenClaw_Light/widgets/HUD/A15-H-scene.js
/home/dimitri/OpenClaw_Light/widgets/HUD/A17-H-emotion.js
/home/dimitri/OpenClaw_Light/widgets/HUD/HUD-MASTER-ULTRA-A1-A22.js
/home/dimitri/OpenClaw_Light/widgets/HUD/A11-H-predictive.js
/home/dimitri/OpenClaw_Light/widgets/HUD/HUD-MASTER-A1-A22.js
/home/dimitri/OpenClaw_Light/widgets/HUD/HUD-MASTER-EXTENDED-A1-A22.js
/home/dimitri/OpenClaw_Light/Dashboard_Changelog.md
/home/dimitri/OpenClaw_Light/Dashboard_Pipelines.md
/home/dimitri/OpenClaw_Light/Dashboard_Timeline.md
/home/dimitri/OpenClaw_Light/widgets/HUD/A14-H-cueflow.js
/home/dimitri/OpenClaw_Light/engine/Export_Shows.md
/home/dimitri/OpenClaw_Light/engine/Generation_FX.md
/home/dimitri/OpenClaw_Light/engine/Generation_Presets.md
/home/dimitri/OpenClaw_Light/engine/Analyse_Presets.md
/home/dimitri/OpenClaw_Light/engine/Generation_Advanced.md
/home/dimitri/OpenClaw_Light/engine/Generation_Cues_Dynamiques.md
/home/dimitri/OpenClaw_Light/engine/Generation_Shows_Complets.md
/home/dimitri/OpenClaw_Light/Dashboard_Policies.md
/home/dimitri/OpenClaw_Light/engine/Analyse_Projecteurs.md
/home/dimitri/OpenClaw_Light/engine/Generation_ColorMix.md
/home/dimitri/OpenClaw_Light/Dashboard_Alerts.md
/home/dimitri/OpenClaw_Light/Dashboard_Automation.md
/home/dimitri/OpenClaw_Light/Dashboard_Search_Advanced.md
/home/dimitri/OpenClaw_Light/Theme_PRO_Global.md
/home/dimitri/OpenClaw_Light/A10-repair.js
/home/dimitri/OpenClaw_Light/Dashboard_Alertes.md
/home/dimitri/OpenClaw_Light/hud/HUD_PRO_Global.md
/home/dimitri/OpenClaw_Light/A20-harmony.js
/home/dimitri/OpenClaw_Light/lumière/Fixtures/Modèle_
/home/dimitri/OpenClaw_Light/lumière/Fixtures/Profiles/Ayrton_Eurus_Profile.md
/home/dimitri/OpenClaw_Light/lumière/Fixtures/Profiles/Modèle_
/home/dimitri/OpenClaw_Light/A22-identity.js
/home/dimitri/OpenClaw_Light/Dashboard_Dependances.md
/home/dimitri/OpenClaw_Light/Planning_Hebdo.md
/home/dimitri/OpenClaw_Light/Dashboard_Environments.md
/home/dimitri/OpenClaw_Light/Dashboard_Global_2.0.md
/home/dimitri/OpenClaw_Light/Dashboard_Securite.md
/home/dimitri/OpenClaw_Light/A9-intelligence.js
/home/dimitri/OpenClaw_Light/Dashboard_Analyse_Intelligente.md
/home/dimitri/OpenClaw_Light/Tags_System.md
/home/dimitri/OpenClaw_Light/cockpit/reports/ARBORESCENCE_REPAIR_Ω.log
/home/dimitri/OpenClaw_Light/cockpit/reports/ARBORESCENCE_REPAIR_ABSOLUTE.log
/home/dimitri/OpenClaw_Light/cockpit/MODULES/ARBORESCENCE_REPAIR_INFINITY.ocm
/home/dimitri/OpenClaw_Light/cockpit/MODULES/ARBORESCENCE_REPAIR_OMNI.ocm
/home/dimitri/OpenClaw_Light/cockpit/reports/ARBORESCENCE_REPAIR_INFINITY.log
/home/dimitri/OpenClaw_Light/.yarn/install-state.gz
/home/dimitri/OpenClaw_Light/cockpit/reports/ARBORESCENCE_REPAIR_OMNI.log
/home/dimitri/OpenClaw_Light/cockpit/MODULES/ARBORESCENCE_REPAIR_SINGULARITY.ocm
/home/dimitri/OpenClaw_Light/cockpit/MODULES/ARBORESCENCE_REPAIR_ZERO.ocm
/home/dimitri/OpenClaw_Light/cockpit/reports/ARBORESCENCE_REPAIR_SINGULARITY.log
[CHMOD] /home/dimitri/OpenClaw_Light/modules/HERMES_GPU.ocm
[CHMOD] /home/dimitri/OpenClaw_Light/modules/HERMES_MODULE_BUILDER.ocm
[CHMOD] /home/dimitri/OpenClaw_Light/modules/OpenClaw_ObsidianBridge/obsidian_reader.sh
[CHMOD] /home/dimitri/OpenClaw_Light/modules/OpenClaw_ObsidianBridge/obsidian_writer.sh
[CHMOD] /home/dimitri/OpenClaw_Light/modules/OpenClaw_ObsidianBridge/obsidian_ai_query.sh
[CHMOD] /home/dimitri/OpenClaw_Light/modules/OpenClaw_ObsidianBridge/bridge.ocm
[CHMOD] /home/dimitri/OpenClaw_Light/modules/TEST.ocm
[CHMOD] /home/dimitri/OpenClaw_Light/modules/TEST_V2.ocm
[CHMOD] /home/dimitri/OpenClaw_Light/modules/HERMES_GPU_PRIME.ocm
[CHMOD] /home/dimitri/OpenClaw_Light/modules/HERMES_MODULE_BUILDER_v2.ocm
[CHMOD] /home/dimitri/OpenClaw_Light/system/HERMES_BRIDGE.ocm
[CHMOD] /home/dimitri/OpenClaw_Light/system/BLUEPRINT_GLOBAL.ocm
[CHMOD] /home/dimitri/OpenClaw_Light/system/ARCHITECTURE_MAP_MONOLITHIC.ocm
[CHMOD] /home/dimitri/OpenClaw_Light/system/SYSTEM_EXPORT.ocm
[CHMOD] /home/dimitri/OpenClaw_Light/system/SYSTEM_RECOVERY.ocm
[CHMOD] /home/dimitri/OpenClaw_Light/system/ARCHITECTURE_MAP.ocm
[CHMOD] /home/dimitri/OpenClaw_Light/system/HERMES_TTS_BRIDGE.ocm
[CHMOD] /home/dimitri/OpenClaw_Light/system/SYSTEM_AUTOMATION.ocm
[CHMOD] /home/dimitri/OpenClaw_Light/system/TTS_PIPELINE.ocm
[CHMOD] /home/dimitri/OpenClaw_Light/system/SYSTEM_GLOBAL.ocm
[CHMOD] /home/dimitri/OpenClaw_Light/cockpit/ENGINE/HERMES_AI_SHOWMASTER_OMEGA.ocm
[CHMOD] /home/dimitri/OpenClaw_Light/cockpit/ENGINE/HERMES_AI_CORE.ocm
[CHMOD] /home/dimitri/OpenClaw_Light/cockpit/ENGINE/HERMES_AI_SHOWMASTER_SINGULARITY.ocm
[CHMOD] /home/dimitri/OpenClaw_Light/cockpit/ENGINE/HERMES_PILOT.ocm
[CHMOD] /home/dimitri/OpenClaw_Light/cockpit/ENGINE/HERMES_AI_SCENEWRITER.ocm
[CHMOD] /home/dimitri/OpenClaw_Light/cockpit/ENGINE/HERMES_DASHBOARD_GPU.ocm
[CHMOD] /home/dimitri/OpenClaw_Light/cockpit/ENGINE/HUD_ENGINE.ocm
[CHMOD] /home/dimitri/OpenClaw_Light/cockpit/ENGINE/HERMES_BEHAVIOR.ocm
[CHMOD] /home/dimitri/OpenClaw_Light/cockpit/ENGINE/HERMES_AI_SHOWMASTER_PLUS.ocm
[CHMOD] /home/dimitri/OpenClaw_Light/cockpit/ENGINE/HERMES_LIGHT_EFFECTS_PRO.ocm
[CHMOD] /home/dimitri/OpenClaw_Light/cockpit/ENGINE/HERMES_AI_TIMECODE.ocm
[CHMOD] /home/dimitri/OpenClaw_Light/cockpit/ENGINE/HERMES_BENCHMARK.ocm
[CHMOD] /home/dimitri/OpenClaw_Light/cockpit/ENGINE/HERMES_ENGINE.ocm
[CHMOD] /home/dimitri/OpenClaw_Light/cockpit/ENGINE/LIGHT_ASSISTANT.ocm
[CHMOD] /home/dimitri/OpenClaw_Light/cockpit/ENGINE/HERMES_AI_LIVE_OPERATOR.ocm
[CHMOD] /home/dimitri/OpenClaw_Light/cockpit/ENGINE/HERMES_COMMANDS.ocm
[CHMOD] /home/dimitri/OpenClaw_Light/cockpit/ENGINE/HERMES_MODEL_ROUTER.ocm
[CHMOD] /home/dimitri/OpenClaw_Light/cockpit/ENGINE/HERMES_AI_DIRECTOR.ocm
[CHMOD] /home/dimitri/OpenClaw_Light/cockpit/ENGINE/HERMES_AI_SHOWMASTER_INFINITY.ocm
[CHMOD] /home/dimitri/OpenClaw_Light/cockpit/ENGINE/CORE_ENGINE.ocm
[CHMOD] /home/dimitri/OpenClaw_Light/cockpit/ENGINE/HERMES_AI_SHOWMASTER_ΩMEGA.ocm
[CHMOD] /home/dimitri/OpenClaw_Light/cockpit/ENGINE/HERMES_LIGHT_ASSISTANT_EXT.ocm
[CHMOD] /home/dimitri/OpenClaw_Light/cockpit/ENGINE/FLOW_ENGINE.ocm
[CHMOD] /home/dimitri/OpenClaw_Light/cockpit/ENGINE/HERMES_AUTOPILOT.ocm
[CHMOD] /home/dimitri/OpenClaw_Light/cockpit/ENGINE/HERMES_OPTIMIZER.ocm
[CHMOD] /home/dimitri/OpenClaw_Light/cockpit/ENGINE/HERMES_OS.ocm
[CHMOD] /home/dimitri/OpenClaw_Light/cockpit/ENGINE/HERMES_AI.ocm
[CHMOD] /home/dimitri/OpenClaw_Light/cockpit/ENGINE/HERMES_COCKPIT_MASTER_TOTAL_v4.ocm
[CHMOD] /home/dimitri/OpenClaw_Light/cockpit/ENGINE/HERMES_AI_AUDIOREACTOR.ocm
[CHMOD] /home/dimitri/OpenClaw_Light/cockpit/ENGINE/HERMES_DASHBOARD.ocm
[CHMOD] /home/dimitri/OpenClaw_Light/cockpit/ENGINE/HERMES_AI_SHOWMASTER.ocm
[CHMOD] /home/dimitri/OpenClaw_Light/cockpit/ENGINE/HERMES_LIGHT_AUTOPATCH.ocm
[CHMOD] /home/dimitri/OpenClaw_Light/cockpit/ENGINE/HERMES_AI_SHOWMASTER_OMNI.ocm
[CHMOD] /home/dimitri/OpenClaw_Light/cockpit/ENGINE/HERMES_MEMORY.ocm
[CHMOD] /home/dimitri/OpenClaw_Light/cockpit/ENGINE/HERMES_LIGHT_SHOWBUILDER.ocm
[CHMOD] /home/dimitri/OpenClaw_Light/cockpit/ENGINE/TTS_ENGINE.ocm
[CHMOD] /home/dimitri/OpenClaw_Light/cockpit/ENGINE/HERMES_AI_SHOWMASTER_ULTRA.ocm
[CHMOD] /home/dimitri/OpenClaw_Light/cockpit/ENGINE/HERMES_LIGHT_PIXELENGINE.ocm
[CHMOD] /home/dimitri/OpenClaw_Light/cockpit/ENGINE/HERMES_SYSTEM_MONITOR_TOTAL.ocm
[CHMOD] /home/dimitri/OpenClaw_Light/cockpit/ENGINE/HERMES_LISTENER.ocm
[CHMOD] /home/dimitri/OpenClaw_Light/cockpit/ENGINE/HERMES_GPU_MONITOR.ocm
[CHMOD] /home/dimitri/OpenClaw_Light/cockpit/ENGINE/HERMES_AI_RIGDESIGNER.ocm
[CHMOD] /home/dimitri/OpenClaw_Light/cockpit/MODULES/ARBORESCENCE_REPAIR_INFINITY.ocm
[CHMOD] /home/dimitri/OpenClaw_Light/cockpit/MODULES/CLEANER.ocm
[CHMOD] /home/dimitri/OpenClaw_Light/cockpit/MODULES/ARBORESCENCE_REPAIR_SINGULARITY.ocm
[CHMOD] /home/dimitri/OpenClaw_Light/cockpit/MODULES/ARBORESCENCE_REPAIR.ocm
[CHMOD] /home/dimitri/OpenClaw_Light/cockpit/MODULES/ARBORESCENCE_REPAIR_Ω.ocm
[CHMOD] /home/dimitri/OpenClaw_Light/cockpit/MODULES/ARBORESCENCE_REPAIR_OMNI.ocm
[CHMOD] /home/dimitri/OpenClaw_Light/cockpit/MODULES/ARBORESCENCE_REPAIR_ZERO.ocm
[CHMOD] /home/dimitri/OpenClaw_Light/cockpit/MODULES/ARBORESCENCE_REPAIR_ABSOLUTE.ocm
[CHMOD] /home/dimitri/OpenClaw_Light/cockpit/BOOT_SEQUENCE.sh
[CHMOD] /home/dimitri/OpenClaw_Light/cockpit/COCKPIT_BOOT_SEQUENCE.ocm
[CHMOD] /home/dimitri/OpenClaw_Light/cockpit/META_OPS/META_OPS_EPSILON.ocm
[CHMOD] /home/dimitri/OpenClaw_Light/cockpit/META_OPS/META_OPS_ALPHA.ocm
[CHMOD] /home/dimitri/OpenClaw_Light/cockpit/META_OPS/META_OPS_OMEGA.ocm
[CHMOD] /home/dimitri/OpenClaw_Light/cockpit/META_OPS/META_OPS_ZERO.ocm
[CHMOD] /home/dimitri/OpenClaw_Light/cockpit/META_OPS/META_OPS_GAMMA.ocm
[CHMOD] /home/dimitri/OpenClaw_Light/cockpit/META_OPS/META_OPS_ZETA.ocm
[CHMOD] /home/dimitri/OpenClaw_Light/cockpit/META_OPS/META_OPS_BETA.ocm
[CHMOD] /home/dimitri/OpenClaw_Light/cockpit/META_OPS/META_OPS_DELTA.ocm
[CHMOD] /home/dimitri/OpenClaw_Light/cockpit/generate_wrappers.sh
[CHMOD] /home/dimitri/OpenClaw_Light/cockpit/COCKPIT_ROOT.ocm
[LF] /home/dimitri/OpenClaw_Light/.yarn/install-state.gz
[EVOLVE] Fri May  8 14:52:31 CEST 2026
[DONE] Fri May  8 14:52:31 CEST 2026
